same subtype not found across S_CDT->S_DT[R17]->S_CDT[R17]:  DT_ID "1046565f-b268-477d-9a1e-d49203519d42" 
instances checked:  872
checks made:  4394
errors found:  1
