one instance not found PE_PE->EP_PKG[R8000]:  Element_ID "544a75b3-22ce-4c30-8788-bec6c1772abf" 
instances checked:  871
checks made:  4393
errors found:  1
