one instance not found O_ATTR->O_ATTR[R103.'succeeds']:  Attr_ID "8c076354-8fdf-4d1c-954e-ac8b5ba13f60" current_state
instances checked:  871
checks made:  4393
errors found:  1
