subtype not found from O_BATTR across R107:  Attr_ID "73c7857d-9a6b-4b66-998a-eea4c267f33e" 
instances checked:  870
checks made:  4392
errors found:  1
