supertype not found across C_C->PE_PE[R8001]:  Id "544a75b3-22ce-4c30-8788-bec6c1772abf" MicrowaveOven
instances checked:  870
checks made:  4370
errors found:  1
