subtype not found from SM_AH across R513:  Act_ID "04eab2ba-c14d-41aa-8eef-808638107f0e" 
instances checked:  870
checks made:  4390
errors found:  1
