subtype not found from PE_PE across R8001:  Element_ID "c881cf8c-ab05-4bbd-a18e-3f39fb88cc4e" 
one instance not found S_BRG->S_EE[R19]:  Brg_ID "d6a6aa5e-fb7f-4817-8aec-2548ebc88e3c" shutdown
instances checked:  870
checks made:  4392
errors found:  2
