one instance not found S_ENUM->S_ENUM[R56.'succeeds']:  Enum_ID "dd2b2de1-9ce1-467b-8096-8108ef0ee2e3" low
instances checked:  870
checks made:  4391
errors found:  1
