one instance not found S_ENUM->S_ENUM[R56.'succeeds']:  Enum_ID "18a65186-c68d-4a50-a749-1510a6cd9e1e" med_high
instances checked:  870
checks made:  4390
errors found:  1
