one instance not found S_ENUM->S_EDT[R27]:  Enum_ID "e9670705-a1ed-467a-970d-c69b80755b38" high
one instance not found S_ENUM->S_EDT[R27]:  Enum_ID "18a65186-c68d-4a50-a749-1510a6cd9e1e" med_high
one instance not found S_ENUM->S_EDT[R27]:  Enum_ID "dc644a16-9d68-4638-90ac-152b146f85cf" medium
one instance not found S_ENUM->S_EDT[R27]:  Enum_ID "7c94ce56-e1ab-4888-af0c-a8962d049597" med_low
one instance not found S_ENUM->S_EDT[R27]:  Enum_ID "dd2b2de1-9ce1-467b-8096-8108ef0ee2e3" low
supertype not found across S_EDT->S_DT[R17]:  DT_ID "00000000-0000-0000-0000-000000000000" 
subtype not found from S_DT across R17:  DT_ID "1046565f-b268-477d-9a1e-d49203519d42" tube_wattage
instances checked:  871
checks made:  4393
errors found:  7
