supertype not found across R_RGO->R_OIR[R203]:  OIR_ID "5a18c05a-2ff3-4682-97fd-211ce232ace7" 
one instance not found R_OIR->O_OBJ[R201]:  OIR_ID "5a18c05a-2ff3-4682-97fd-211ce232ace7" 
subtype not found from R_OIR across R203:  OIR_ID "5a18c05a-2ff3-4682-97fd-211ce232ace7" 
instances checked:  871
checks made:  4392
errors found:  3
