one instance not found SM_ISM->O_OBJ[R518]:  SM_ID "7155cbee-2ad5-470a-b1c1-837f7f12c176" 
instances checked:  871
checks made:  4393
errors found:  1
