one instance not found S_BPARM->S_BPARM[R55.'succeeds']:  BParm_ID "60e54366-2fc6-4ddf-bf9f-47c9ce6b52a6" minute
instances checked:  871
checks made:  4393
errors found:  1
